---
source: tuprs/tests/parsedir.rs
expression: "v2.get(\"D\").unwrap().join(\" \")"
---
"a b c x y z w"
