---
source: tuprs/tests/parsedir.rs
expression: "v2.get(\"SOURCES\").unwrap().join(\" \")"
---
./file.c
