---
source: tuprs/tests/parsedir.rs
expression: "v2.get(\"OBJS\").unwrap().join(\" \")"
---
win32/file.o win32/file.o win32/file.o win32/readme.o
