---
source: tuprs/tests/parsedir.rs
expression: strings
---
[
  "CFLAGS = -DEBUG -Zm -DEBUG -Zm -Zi",
  "define uniq",
  "seen :=\r",
  "  $(foreach word,$(1),$(if $(filter $(word),${seen}),,seen += $(word)))\r",
  "  ${seen}\r",
  "",
  "endef",
  "CFLAGS = $(eval $(call uniq, $(CFLAGS), ))"
]
