---
source: tuprs/tests/parsedir.rs
expression: outs
---
[
  "ResolvedLink { primary_sources: [Deglob(MatchingPath { path_descriptor: Descriptor(./a/in0.txt), glob_descriptor: None, captured_globs: [] })], secondary_sources: [], rule_formula_desc: Descriptor(?[TupLoc { tup_path_desc: Descriptor(./a/Tupfile.lua), loc: Loc { line: 5, col: 0, span: 0 } }]? RuleFormula { description: [Literal(\"\")], formula: [Literal(\"cp -r in0.txt outs.txt\")] }), primary_targets: [Descriptor(./a/outs.txt)], secondary_targets: [], excluded_targets: [], group: Some(Descriptor(./<mygrp>)), bin: None, tup_loc: TupLoc { tup_path_desc: Descriptor(./a/Tupfile.lua), loc: Loc { line: 5, col: 0, span: 0 } }, env: Descriptor(COMSPEC:DevEnvDir:HOME:INCLUDE:LIB:LIBPATH:OS:PATH:PATHEXT:SYSTEMROOT:TEMP:TMP:VCINSTALLDIR:VCTOOLSINSTALLDIR:VCTOOLSREDISTDIR:VCTOOLSVERSION:VSINSTALLDIR:VS[0-9]+COMNTOOLS:WINDIR), search_dirs: [] }",
  "ResolvedLink { primary_sources: [Deglob(MatchingPath { path_descriptor: Descriptor(./b/in1.txt), glob_descriptor: None, captured_globs: [] })], secondary_sources: [GroupEntry(Descriptor(./<mygrp>), Descriptor(./a/outs.txt))], rule_formula_desc: Descriptor(?[TupLoc { tup_path_desc: Descriptor(./b/Tupfile.lua), loc: Loc { line: 5, col: 0, span: 0 } }]? RuleFormula { description: [Literal(\"\")], formula: [Literal(\"cp -r in1.txt outs.txt\")] }), primary_targets: [Descriptor(./b/outs.txt)], secondary_targets: [], excluded_targets: [], group: None, bin: Some(Descriptor(./b/{mybin} )), tup_loc: TupLoc { tup_path_desc: Descriptor(./b/Tupfile.lua), loc: Loc { line: 5, col: 0, span: 0 } }, env: Descriptor(COMSPEC:DevEnvDir:HOME:INCLUDE:LIB:LIBPATH:OS:PATH:PATHEXT:SYSTEMROOT:TEMP:TMP:VCINSTALLDIR:VCTOOLSINSTALLDIR:VCTOOLSREDISTDIR:VCTOOLSVERSION:VSINSTALLDIR:VS[0-9]+COMNTOOLS:WINDIR), search_dirs: [] }"
]
