---
source: tuprs/tests/parsedir.rs
expression: "v2.get(\"GRPS\").unwrap().join(\" \")"
---
"/<file_lib> /<file2_lib> /<cfile_lib> /<readme_lib> /<sdf_lib>"
