---
source: tuprs/tests/parsedir.rs
expression: "v2.get(\"GEN_FILES\").unwrap().join(\" \")"
---
../gen/g1.cxx ../gen/g2.cxx
