---
source: tuprs/tests/parsedir.rs
expression: "v2.get(\"CXX_FLAGS\").unwrap().join(\" \")"
---
-std=c++11 -Wall -Wextra -Wpedantic -Werror -W4 -wd4100 -wd4324 -wd4127 -wd4244 -wd4505 -Wno-unused-parameter
