---
source: tuprs/tests/parsedir.rs
expression: outs
snapshot_kind: text
---
[
  "ResolvedLink { primary_sources: [Deglob(MatchingPath { path_descriptor: Descriptor(./a/in0.txt), glob_descriptor: None, captured_globs: [], parent_descriptor: Descriptor(./a) })], secondary_sources: [], rule_formula_desc: RuleDescriptor(Descriptor(?RuleRefDescriptor(Descriptor(at ./a/Tupfile.lua: line:5, span:0->0))? RuleFormula { description: None, formula: [Literal(\"cp\"), Sp1, Literal(\"-r\"), Sp1, Literal(\"in0.txt\"), Sp1, Literal(\"outs.txt\")] })), primary_targets: [Descriptor(./a/outs.txt)], secondary_targets: [], excluded_targets: [], group: Some(Descriptor(./<mygrp>)), bin: None, rule_ref: RuleRefDescriptor(Descriptor(at ./a/Tupfile.lua: line:5, span:0->0)), env: EnvList { env: EnvDescriptor(WINDIR), prevs: Some(EnvList { env: EnvDescriptor(TMP), prevs: Some(EnvList { env: EnvDescriptor(TEMP), prevs: Some(EnvList { env: EnvDescriptor(SYSTEMROOT), prevs: Some(EnvList { env: EnvDescriptor(PATHEXT), prevs: Some(EnvList { env: EnvDescriptor(PATH), prevs: Some(EnvList { env: EnvDescriptor(OS), prevs: Some(EnvList { env: EnvDescriptor(HOME), prevs: Some(EnvList { env: EnvDescriptor(COMSPEC), prevs: None }) }) }) }) }) }) }) }) }, search_dirs: [], tupfiles_read: [Descriptor(./a/Tupfile.lua), Descriptor(./tup.config), Descriptor(./TupDefines.lua)] }",
  "ResolvedLink { primary_sources: [Deglob(MatchingPath { path_descriptor: Descriptor(./b/in1.txt), glob_descriptor: None, captured_globs: [], parent_descriptor: Descriptor(./b) })], secondary_sources: [GroupEntry(Descriptor(./<mygrp>), Descriptor(./a/outs.txt))], rule_formula_desc: RuleDescriptor(Descriptor(?RuleRefDescriptor(Descriptor(at ./b/Tupfile.lua: line:5, span:0->0))? RuleFormula { description: None, formula: [Literal(\"cp\"), Sp1, Literal(\"-r\"), Sp1, Literal(\"in1.txt\"), Sp1, Literal(\"outs.txt\")] })), primary_targets: [Descriptor(./b/outs.txt)], secondary_targets: [], excluded_targets: [], group: None, bin: Some(Descriptor(./b/{mybin} )), rule_ref: RuleRefDescriptor(Descriptor(at ./b/Tupfile.lua: line:5, span:0->0)), env: EnvList { env: EnvDescriptor(WINDIR), prevs: Some(EnvList { env: EnvDescriptor(TMP), prevs: Some(EnvList { env: EnvDescriptor(TEMP), prevs: Some(EnvList { env: EnvDescriptor(SYSTEMROOT), prevs: Some(EnvList { env: EnvDescriptor(PATHEXT), prevs: Some(EnvList { env: EnvDescriptor(PATH), prevs: Some(EnvList { env: EnvDescriptor(OS), prevs: Some(EnvList { env: EnvDescriptor(HOME), prevs: Some(EnvList { env: EnvDescriptor(COMSPEC), prevs: None }) }) }) }) }) }) }) }) }, search_dirs: [], tupfiles_read: [Descriptor(./b/Tupfile.lua), Descriptor(./tup.config), Descriptor(./TupDefines.lua)] }"
]
