---
source: tuprs/tests/parsedir.rs
expression: "v2.get(\"O\").unwrap().join(\" \")"
---
a.o b.c c.cpp a.o b.c c.o
