---
source: tuprs/tests/parsedir.rs
expression: "v2.get(\"CXX_SOURCES\").unwrap().join(\" \")"
---
a.cxx  c.cpp
